{
  "results": [
    {
      "name": "staging_ui_page",
      "status": "PASS",
      "detail": "HTTP 200; content_type=text/html; charset=utf-8; body_present=True"
    },
    {
      "name": "staging_api_health",
      "status": "PASS",
      "detail": "HTTP 200; content_type=application/json; payload={'status': 'ok', 'database': {'ok': True, 'driver': 'postgresql+psycopg'}, 'api': {'ok': True, 'status': 'ready'}}"
    },
    {
      "name": "staging_api_ready_structure",
      "status": "PASS",
      "detail": "HTTP 503; content_type=application/json; payload={'status': 'degraded', 'database': {'ok': True, 'driver': 'postgresql+psycopg'}, 'api': {'ok': True, 'status': 'ready'}, 'production_issue_count': 5}"
    },
    {
      "name": "staging_api_cors_preflight",
      "status": "WARN",
      "detail": "HTTP 200; allow_origin_matches_ui=False"
    }
  ]
}
